// Jest Snapshot v1, https://goo.gl/fbAQLP

exports[`<Card /> render correctly 1`] = `
Object {
  "asFragment": [Function],
  "baseElement": <body>
    <div>
      <div
        class="sc-gswNZR fVFpTZ"
      >
        <div
          class="sc-dkrFOg huHyJh"
        >
          <div
            class="sc-hLBbgP hzsEKv"
          >
            <h3
              class="sc-gKPRtg cChpIe"
            >
              Component.Card.Bank
            </h3>
            <h2
              class="sc-jSUZER htltFF"
            >
              Paga Todo
            </h2>
          </div>
          <img
            class="sc-eDvSVe fydxnx"
            loading="lazy"
            src="http://www.one.url.com"
          />
        </div>
        <h4
          class="sc-iBYQkv cLHOkr"
        >
          Component.Card.Age
        </h4>
        <h5
          class="sc-ftTHYK dCZyn"
        >
          10
        </h5>
        <h4
          class="sc-iBYQkv cLHOkr"
        >
          Component.Card.Description
        </h4>
        <h5
          class="sc-ftTHYK dCZyn"
        >
          Banco Paga Todo es Para Todos
        </h5>
      </div>
    </div>
  </body>,
  "container": <div>
    <div
      class="sc-gswNZR fVFpTZ"
    >
      <div
        class="sc-dkrFOg huHyJh"
      >
        <div
          class="sc-hLBbgP hzsEKv"
        >
          <h3
            class="sc-gKPRtg cChpIe"
          >
            Component.Card.Bank
          </h3>
          <h2
            class="sc-jSUZER htltFF"
          >
            Paga Todo
          </h2>
        </div>
        <img
          class="sc-eDvSVe fydxnx"
          loading="lazy"
          src="http://www.one.url.com"
        />
      </div>
      <h4
        class="sc-iBYQkv cLHOkr"
      >
        Component.Card.Age
      </h4>
      <h5
        class="sc-ftTHYK dCZyn"
      >
        10
      </h5>
      <h4
        class="sc-iBYQkv cLHOkr"
      >
        Component.Card.Description
      </h4>
      <h5
        class="sc-ftTHYK dCZyn"
      >
        Banco Paga Todo es Para Todos
      </h5>
    </div>
  </div>,
  "debug": [Function],
  "findAllByAltText": [Function],
  "findAllByDisplayValue": [Function],
  "findAllByLabelText": [Function],
  "findAllByPlaceholderText": [Function],
  "findAllByRole": [Function],
  "findAllByTestId": [Function],
  "findAllByText": [Function],
  "findAllByTitle": [Function],
  "findByAltText": [Function],
  "findByDisplayValue": [Function],
  "findByLabelText": [Function],
  "findByPlaceholderText": [Function],
  "findByRole": [Function],
  "findByTestId": [Function],
  "findByText": [Function],
  "findByTitle": [Function],
  "getAllByAltText": [Function],
  "getAllByDisplayValue": [Function],
  "getAllByLabelText": [Function],
  "getAllByPlaceholderText": [Function],
  "getAllByRole": [Function],
  "getAllByTestId": [Function],
  "getAllByText": [Function],
  "getAllByTitle": [Function],
  "getByAltText": [Function],
  "getByDisplayValue": [Function],
  "getByLabelText": [Function],
  "getByPlaceholderText": [Function],
  "getByRole": [Function],
  "getByTestId": [Function],
  "getByText": [Function],
  "getByTitle": [Function],
  "queryAllByAltText": [Function],
  "queryAllByDisplayValue": [Function],
  "queryAllByLabelText": [Function],
  "queryAllByPlaceholderText": [Function],
  "queryAllByRole": [Function],
  "queryAllByTestId": [Function],
  "queryAllByText": [Function],
  "queryAllByTitle": [Function],
  "queryByAltText": [Function],
  "queryByDisplayValue": [Function],
  "queryByLabelText": [Function],
  "queryByPlaceholderText": [Function],
  "queryByRole": [Function],
  "queryByTestId": [Function],
  "queryByText": [Function],
  "queryByTitle": [Function],
  "rerender": [Function],
  "unmount": [Function],
}
`;
